// Jest Snapshot v1, https://goo.gl/fbAQLP

exports[`ProductCard debe mostrar el componente correctamente 1`] = `
<div
  className=" productCard undefined"
>
  <h1>
    ProductCard
  </h1>
</div>
`;
