// Jest Snapshot v1, https://goo.gl/fbAQLP

exports[`ProducTitle debe de mostrar el componente con el nombre del producto 1`] = `
<div
  className=" productCard undefined"
>
  <span
    className=" productDescription undefined"
  >
    coffe mug - sin imagen
  </span>
</div>
`;

exports[`ProducTitle debe mostrar el componente correctamente con el titulo personalizado 1`] = `
<span
  className=" productDescription custom-class"
>
  Custom Product
</span>
`;
